---
source: src/gitui.rs
expression: terminal.backend()
snapshot_kind: text
---
"  Status [1]  |  Log [2]  |  Files [3]  |  Stashing [4]  |  Stashes [5][TEMP_FILE] "
" ────────────────────────────────────────────────────────────────────────────────────────────────────────────────────── "
"┌Unstaged Changes──────────────────────────────────────────┐┌Diff: ────────────────────────────────────────────────────┐"
"│Loading ...                                               ││                                                          │"
"│                                                          ││                                                          │"
"│                                                          ││                                                          │"
"└──────────────────────────────────────────────────{master}┘│                                                          │"
"┌Staged Changes────────────────────────────────────────────┐│                                                          │"
"│Loading ...                                               ││                                                          │"
"│                                                          ││                                                          │"
"└──────────────────────────────────────────────────────────┘└──────────────────────────────────────────────────────────┘"
"                                                                                                                        "
